<html>
<body>
<pre>
<h1>µVision Build Log</h1>
<h2>Project:</h2>
E:\ZM470S-DEMO\Keil-ZM470S\keil-zm470s v1.09\ZM470S.uvproj
Project File Date:  06/05/2013

<h2>Output:</h2>
Rebuild target 'LPC1114 Flash'
assembling startup_LPC11xx.s...
compiling system_LPC11xx.c...
compiling core_cm0.c...
compiling main.c...
compiling si433.c...
driver\si433.c(526): warning:  #550-D: variable "OnePacketTxTime" was set but never used
driver\si433.c(584): warning:  #550-D: variable "ucIrqstat2" was set but never used
compiling Uart.c...
linking...
Program Size: Code=4460 RO-data=324 RW-data=12 ZI-data=676  
FromELF: creating hex file...
User command #1: fromelf --bin ".\FLASH\KEYBEEP.axf" --output ".\FLASH\KEYBEEP.bin"
".\Flash\KEYBEEP.axf" - 0 Error(s), 2 Warning(s).
Rebuild target 'LPC1114 Flash'
assembling startup_LPC11xx.s...
compiling system_LPC11xx.c...
compiling core_cm0.c...
compiling main.c...
compiling si433.c...
driver\si433.c(526): warning:  #550-D: variable "OnePacketTxTime" was set but never used
driver\si433.c(584): warning:  #550-D: variable "ucIrqstat2" was set but never used
compiling Uart.c...
linking...
Program Size: Code=4460 RO-data=324 RW-data=12 ZI-data=676  
FromELF: creating hex file...
User command #1: fromelf --bin ".\FLASH\KEYBEEP.axf" --output ".\FLASH\KEYBEEP.bin"
".\Flash\ZM470S.axf" - 0 Error(s), 2 Warning(s).
Rebuild target 'LPC1114 Flash'
assembling startup_LPC11xx.s...
compiling system_LPC11xx.c...
compiling core_cm0.c...
compiling main.c...
compiling si433.c...
driver\si433.c(526): warning:  #550-D: variable "OnePacketTxTime" was set but never used
driver\si433.c(584): warning:  #550-D: variable "ucIrqstat2" was set but never used
compiling Uart.c...
linking...
Program Size: Code=4460 RO-data=324 RW-data=12 ZI-data=676  
FromELF: creating hex file...
User command #1: fromelf --bin ".\FLASH\KEYBEEP.axf" --output ".\FLASH\KEYBEEP.bin"
".\Flash\ZM470S.axf" - 0 Error(s), 2 Warning(s).
Rebuild target 'LPC1114 Flash'
assembling startup_LPC11xx.s...
compiling system_LPC11xx.c...
compiling core_cm0.c...
compiling main.c...
compiling si433.c...
driver\si433.c(526): warning:  #550-D: variable "OnePacketTxTime" was set but never used
driver\si433.c(584): warning:  #550-D: variable "ucIrqstat2" was set but never used
compiling Uart.c...
linking...
Program Size: Code=4460 RO-data=324 RW-data=12 ZI-data=676  
FromELF: creating hex file...
User command #1: fromelf --bin ".\FLASH\KEYBEEP.axf" --output ".\FLASH\KEYBEEP.bin"
".\Flash\ZM470S.axf" - 0 Error(s), 2 Warning(s).
Load "E:\\ZM470S-DEMO\\Keil-ZM470S\\keil-zm470s v1.09\\Flash\\ZM470S.AXF" 
* JLink Info: Device "LPC1114" selected (32 KB flash, 4 KB RAM).
Set JLink Project File to "E:\ZM470S-DEMO\Keil-ZM470S\keil-zm470s v1.09\JLinkSettings.ini"
 
JLink info:
------------
DLL: V4.36l, compiled Dec  2 2011 18:52:36
Firmware: J-Link ARM V8 compiled Sep 22 2011 16:23:23
Hardware: V8.00
S/N : 17935099 
Feature(s) : RDI,FlashDL,FlashBP,JFlash 
 
* JLink Info: TotalIRLen = ?, IRPrint = 0x..000000000000000000000000
Rebuild target 'LPC1114 Flash'
assembling startup_LPC11xx.s...
compiling system_LPC11xx.c...
compiling core_cm0.c...
compiling main.c...
compiling si433.c...
driver\si433.c(526): warning:  #550-D: variable "OnePacketTxTime" was set but never used
driver\si433.c(584): warning:  #550-D: variable "ucIrqstat2" was set but never used
compiling Uart.c...
linking...
Program Size: Code=4460 RO-data=324 RW-data=12 ZI-data=676  
FromELF: creating hex file...
User command #1: fromelf --bin ".\FLASH\KEYBEEP.axf" --output ".\FLASH\KEYBEEP.bin"
".\Flash\ZM470S.axf" - 0 Error(s), 2 Warning(s).
Load "E:\\ZM470S-DEMO\\Keil-ZM470S\\keil-zm470s v1.09\\Flash\\ZM470S.AXF" 
* JLink Info: Device "LPC1114" selected (32 KB flash, 4 KB RAM).
Set JLink Project File to "E:\ZM470S-DEMO\Keil-ZM470S\keil-zm470s v1.09\JLinkSettings.ini"
 
JLink info:
------------
DLL: V4.36l, compiled Dec  2 2011 18:52:36
Firmware: J-Link ARM V8 compiled Sep 22 2011 16:23:23
Hardware: V8.00
S/N : 17935099 
Feature(s) : RDI,FlashDL,FlashBP,JFlash 
 
* JLink Info: Found SWD-DP with ID 0x0BB11477
* JLink Info:   FPUnit: 4 code (BP) slots and 0 literal slots
* JLink Info: Found Cortex-M0 r0p0, Little endian.
ROMTableAddr = 0xE00FF003
* JLink Info: Found SWD-DP with ID 0x0BB11477
* JLink Info:   FPUnit: 4 code (BP) slots and 0 literal slots
* JLink Info: Found Cortex-M0 r0p0, Little endian.
 
Target info:
------------
Device: LPC1114x301
VTarget = 2.995V
State of Pins: 
TCK: 0, TDI: 0, TDO: 0, TMS: 0, TRES: 1, TRST: 1
Hardware-Breakpoints: 4
Software-Breakpoints: 8192
Watchpoints:          2
JTAG speed: 2000 kHz
 
Full Chip Erase Done.
Programming Done.
Verify OK.
Rebuild target 'LPC1114 Flash'
assembling startup_LPC11xx.s...
compiling system_LPC11xx.c...
compiling core_cm0.c...
compiling main.c...
compiling si433.c...
driver\si433.c(526): warning:  #550-D: variable "OnePacketTxTime" was set but never used
driver\si433.c(584): warning:  #550-D: variable "ucIrqstat2" was set but never used
compiling Uart.c...
linking...
Program Size: Code=4460 RO-data=324 RW-data=12 ZI-data=676  
FromELF: creating hex file...
User command #1: fromelf --bin ".\FLASH\KEYBEEP.axf" --output ".\FLASH\KEYBEEP.bin"
".\FLASH\KEYBEEP.axf": Error: Q0122E: Could not open file '.\FLASH\KEYBEEP.axf': No such file or directory
Finished: 0 information, 0 warning and 1 error messages.
".\Flash\ZM470S.axf" - 0 Error(s), 2 Warning(s).
