Component: ARM Compiler 5.06 update 1 (build 61) Tool: armlink [4d35a8]

==============================================================================

Section Cross References

    startup_lpc11xx.o(RESET) refers to startup_lpc11xx.o(STACK) for __initial_sp
    startup_lpc11xx.o(RESET) refers to startup_lpc11xx.o(.text) for Reset_Handler
    startup_lpc11xx.o(RESET) refers to uart.o(.text) for UART_IRQHandler
    startup_lpc11xx.o(RESET) refers to main.o(.text) for PIOINT1_IRQHandler
    startup_lpc11xx.o(.text) refers to entry.o(.ARM.Collect$$$$00000000) for __main
    system_lpc11xx.o(.text) refers to system_lpc11xx.o(i.__ARM_common_switch8) for __ARM_common_switch8
    system_lpc11xx.o(.text) refers to uidiv.o(.text) for __aeabi_uidivmod
    system_lpc11xx.o(.text) refers to system_lpc11xx.o(.data) for SystemFrequency
    main.o(.text) refers to sx1276.o(.text) for SX1276TxPower
    main.o(.text) refers to printf6.o(i.__0sprintf$6) for __2sprintf
    main.o(.text) refers to uart.o(.text) for uartSendStr
    main.o(.text) refers to memseta.o(.text) for __aeabi_memclr4
    main.o(.text) refers to system_lpc11xx.o(.text) for SystemInit
    main.o(.text) refers to sx1276-lora.o(.text) for GetPackLoRaRSSI
    main.o(.text) refers to main.o(.bss) for ucTxbuf
    main.o(.text) refers to uart.o(.data) for uiByteNum
    main.o(.text) refers to main.o(.data) for uiMs
    uart.o(.text) refers to uidiv.o(.text) for __aeabi_uidivmod
    uart.o(.text) refers to system_lpc11xx.o(.data) for SystemFrequency
    uart.o(.text) refers to main.o(.data) for uiMs
    uart.o(.text) refers to main.o(.bss) for ucTxbuf
    uart.o(.text) refers to uart.o(.data) for uiByteNum
    radio.o(.text) refers to sx1276.o(.text) for SX1276Init
    radio.o(.text) refers to radio.o(.bss) for RadioDriver
    sx1276.o(.text) refers to sx1276-lora.o(.text) for SX1276LoRaSetOpMode
    sx1276.o(.text) refers to sx1276-hal.o(.text) for SX1276Write
    sx1276.o(.text) refers to sx1276-lora.o(.data) for SX1276LR
    sx1276.o(.text) refers to sx1276.o(.bss) for SX1276Regs
    sx1276.o(.text) refers to sx1276.o(.constdata) for crc32tab
    sx1276.o(.text) refers to sx1276.o(.data) for crc32V
    sx1276-lora.o(.text) refers to sx1276-hal.o(.text) for SX1276Write
    sx1276-lora.o(.text) refers to sx1276-loramisc.o(.text) for SX1276LoRaSetRFFrequency
    sx1276-lora.o(.text) refers to memcpya.o(.text) for __aeabi_memcpy
    sx1276-lora.o(.text) refers to system_lpc11xx.o(i.__ARM_common_switch8) for __ARM_common_switch8
    sx1276-lora.o(.text) refers to memseta.o(.text) for __aeabi_memclr
    sx1276-lora.o(.text) refers to sx1276-lora.o(.data) for SX1276LR
    sx1276-lora.o(.text) refers to sx1276.o(.bss) for SX1276Regs
    sx1276-lora.o(.text) refers to sx1276-lora.o(.bss) for RFBuffer
    sx1276-lora.o(.text) refers to sx1276-lora.o(.constdata) for HoppingFrequencies
    sx1276-lora.o(.text) refers to dflti.o(.text) for __aeabi_i2d
    sx1276-lora.o(.text) refers to dmul.o(.text) for __aeabi_dmul
    sx1276-lora.o(.text) refers to dadd.o(.text) for __aeabi_dadd
    sx1276-lora.o(.text) refers to dfltui.o(.text) for __aeabi_ui2d
    sx1276-loramisc.o(.text) refers to dfltui.o(.text) for __aeabi_ui2d
    sx1276-loramisc.o(.text) refers to ddiv.o(.text) for __aeabi_ddiv
    sx1276-loramisc.o(.text) refers to dfixui.o(.text) for __aeabi_d2uiz
    sx1276-loramisc.o(.text) refers to sx1276-hal.o(.text) for SX1276WriteBuffer
    sx1276-loramisc.o(.text) refers to dmul.o(.text) for __aeabi_dmul
    sx1276-loramisc.o(.text) refers to sx1276-lora.o(.data) for LoRaSettings
    entry.o(.ARM.Collect$$$$00000000) refers (Special) to entry10a.o(.ARM.Collect$$$$0000000D) for __rt_final_cpp
    entry.o(.ARM.Collect$$$$00000000) refers (Special) to entry11a.o(.ARM.Collect$$$$0000000F) for __rt_final_exit
    entry.o(.ARM.Collect$$$$00000000) refers (Special) to entry7b.o(.ARM.Collect$$$$00000008) for _main_clock
    entry.o(.ARM.Collect$$$$00000000) refers (Special) to entry8b.o(.ARM.Collect$$$$0000000A) for _main_cpp_init
    entry.o(.ARM.Collect$$$$00000000) refers (Special) to entry9a.o(.ARM.Collect$$$$0000000B) for _main_init
    entry.o(.ARM.Collect$$$$00000000) refers (Special) to entry5.o(.ARM.Collect$$$$00000004) for _main_scatterload
    entry.o(.ARM.Collect$$$$00000000) refers (Special) to entry2.o(.ARM.Collect$$$$00000001) for _main_stk
    printfb.o(i.__0fprintf$bare) refers to printfb.o(i._printf_core) for _printf_core
    printfb.o(i.__0fprintf$bare) refers to fputc.o(i.fputc) for fputc
    printfb.o(i.__0printf$bare) refers to printfb.o(i._printf_core) for _printf_core
    printfb.o(i.__0printf$bare) refers to fputc.o(i.fputc) for fputc
    printfb.o(i.__0printf$bare) refers to stdout.o(.data) for __stdout
    printfb.o(i.__0snprintf$bare) refers to printfb.o(i._printf_core) for _printf_core
    printfb.o(i.__0snprintf$bare) refers to printfb.o(i._snputc) for _snputc
    printfb.o(i.__0sprintf$bare) refers to printfb.o(i._printf_core) for _printf_core
    printfb.o(i.__0sprintf$bare) refers to printfb.o(i._sputc) for _sputc
    printfb.o(i.__0vfprintf$bare) refers to printfb.o(i._printf_core) for _printf_core
    printfb.o(i.__0vfprintf$bare) refers to fputc.o(i.fputc) for fputc
    printfb.o(i.__0vprintf$bare) refers to printfb.o(i._printf_core) for _printf_core
    printfb.o(i.__0vprintf$bare) refers to fputc.o(i.fputc) for fputc
    printfb.o(i.__0vprintf$bare) refers to stdout.o(.data) for __stdout
    printfb.o(i.__0vsnprintf$bare) refers to printfb.o(i._printf_core) for _printf_core
    printfb.o(i.__0vsnprintf$bare) refers to printfb.o(i._snputc) for _snputc
    printfb.o(i.__0vsprintf$bare) refers to printfb.o(i._printf_core) for _printf_core
    printfb.o(i.__0vsprintf$bare) refers to printfb.o(i._sputc) for _sputc
    printf0.o(i.__0fprintf$0) refers to printf0.o(i._printf_core) for _printf_core
    printf0.o(i.__0fprintf$0) refers to fputc.o(i.fputc) for fputc
    printf0.o(i.__0printf$0) refers to printf0.o(i._printf_core) for _printf_core
    printf0.o(i.__0printf$0) refers to fputc.o(i.fputc) for fputc
    printf0.o(i.__0printf$0) refers to stdout.o(.data) for __stdout
    printf0.o(i.__0snprintf$0) refers to printf0.o(i._printf_core) for _printf_core
    printf0.o(i.__0snprintf$0) refers to printf0.o(i._snputc) for _snputc
    printf0.o(i.__0sprintf$0) refers to printf0.o(i._printf_core) for _printf_core
    printf0.o(i.__0sprintf$0) refers to printf0.o(i._sputc) for _sputc
    printf0.o(i.__0vfprintf$0) refers to printf0.o(i._printf_core) for _printf_core
    printf0.o(i.__0vfprintf$0) refers to fputc.o(i.fputc) for fputc
    printf0.o(i.__0vprintf$0) refers to printf0.o(i._printf_core) for _printf_core
    printf0.o(i.__0vprintf$0) refers to fputc.o(i.fputc) for fputc
    printf0.o(i.__0vprintf$0) refers to stdout.o(.data) for __stdout
    printf0.o(i.__0vsnprintf$0) refers to printf0.o(i._printf_core) for _printf_core
    printf0.o(i.__0vsnprintf$0) refers to printf0.o(i._snputc) for _snputc
    printf0.o(i.__0vsprintf$0) refers to printf0.o(i._printf_core) for _printf_core
    printf0.o(i.__0vsprintf$0) refers to printf0.o(i._sputc) for _sputc
    printf1.o(i.__0fprintf$1) refers to printf1.o(i._printf_core) for _printf_core
    printf1.o(i.__0fprintf$1) refers to fputc.o(i.fputc) for fputc
    printf1.o(i.__0printf$1) refers to printf1.o(i._printf_core) for _printf_core
    printf1.o(i.__0printf$1) refers to fputc.o(i.fputc) for fputc
    printf1.o(i.__0printf$1) refers to stdout.o(.data) for __stdout
    printf1.o(i.__0snprintf$1) refers to printf1.o(i._printf_core) for _printf_core
    printf1.o(i.__0snprintf$1) refers to printf1.o(i._snputc) for _snputc
    printf1.o(i.__0sprintf$1) refers to printf1.o(i._printf_core) for _printf_core
    printf1.o(i.__0sprintf$1) refers to printf1.o(i._sputc) for _sputc
    printf1.o(i.__0vfprintf$1) refers to printf1.o(i._printf_core) for _printf_core
    printf1.o(i.__0vfprintf$1) refers to fputc.o(i.fputc) for fputc
    printf1.o(i.__0vprintf$1) refers to printf1.o(i._printf_core) for _printf_core
    printf1.o(i.__0vprintf$1) refers to fputc.o(i.fputc) for fputc
    printf1.o(i.__0vprintf$1) refers to stdout.o(.data) for __stdout
    printf1.o(i.__0vsnprintf$1) refers to printf1.o(i._printf_core) for _printf_core
    printf1.o(i.__0vsnprintf$1) refers to printf1.o(i._snputc) for _snputc
    printf1.o(i.__0vsprintf$1) refers to printf1.o(i._printf_core) for _printf_core
    printf1.o(i.__0vsprintf$1) refers to printf1.o(i._sputc) for _sputc
    printf1.o(i._printf_core) refers to uidiv.o(.text) for __aeabi_uidivmod
    printf2.o(i.__0fprintf$2) refers to printf2.o(i._printf_core) for _printf_core
    printf2.o(i.__0fprintf$2) refers to fputc.o(i.fputc) for fputc
    printf2.o(i.__0printf$2) refers to printf2.o(i._printf_core) for _printf_core
    printf2.o(i.__0printf$2) refers to fputc.o(i.fputc) for fputc
    printf2.o(i.__0printf$2) refers to stdout.o(.data) for __stdout
    printf2.o(i.__0snprintf$2) refers to printf2.o(i._printf_core) for _printf_core
    printf2.o(i.__0snprintf$2) refers to printf2.o(i._snputc) for _snputc
    printf2.o(i.__0sprintf$2) refers to printf2.o(i._printf_core) for _printf_core
    printf2.o(i.__0sprintf$2) refers to printf2.o(i._sputc) for _sputc
    printf2.o(i.__0vfprintf$2) refers to printf2.o(i._printf_core) for _printf_core
    printf2.o(i.__0vfprintf$2) refers to fputc.o(i.fputc) for fputc
    printf2.o(i.__0vprintf$2) refers to printf2.o(i._printf_core) for _printf_core
    printf2.o(i.__0vprintf$2) refers to fputc.o(i.fputc) for fputc
    printf2.o(i.__0vprintf$2) refers to stdout.o(.data) for __stdout
    printf2.o(i.__0vsnprintf$2) refers to printf2.o(i._printf_core) for _printf_core
    printf2.o(i.__0vsnprintf$2) refers to printf2.o(i._snputc) for _snputc
    printf2.o(i.__0vsprintf$2) refers to printf2.o(i._printf_core) for _printf_core
    printf2.o(i.__0vsprintf$2) refers to printf2.o(i._sputc) for _sputc
    printf3.o(i.__0fprintf$3) refers to printf3.o(i._printf_core) for _printf_core
    printf3.o(i.__0fprintf$3) refers to fputc.o(i.fputc) for fputc
    printf3.o(i.__0printf$3) refers to printf3.o(i._printf_core) for _printf_core
    printf3.o(i.__0printf$3) refers to fputc.o(i.fputc) for fputc
    printf3.o(i.__0printf$3) refers to stdout.o(.data) for __stdout
    printf3.o(i.__0snprintf$3) refers to printf3.o(i._printf_core) for _printf_core
    printf3.o(i.__0snprintf$3) refers to printf3.o(i._snputc) for _snputc
    printf3.o(i.__0sprintf$3) refers to printf3.o(i._printf_core) for _printf_core
    printf3.o(i.__0sprintf$3) refers to printf3.o(i._sputc) for _sputc
    printf3.o(i.__0vfprintf$3) refers to printf3.o(i._printf_core) for _printf_core
    printf3.o(i.__0vfprintf$3) refers to fputc.o(i.fputc) for fputc
    printf3.o(i.__0vprintf$3) refers to printf3.o(i._printf_core) for _printf_core
    printf3.o(i.__0vprintf$3) refers to fputc.o(i.fputc) for fputc
    printf3.o(i.__0vprintf$3) refers to stdout.o(.data) for __stdout
    printf3.o(i.__0vsnprintf$3) refers to printf3.o(i._printf_core) for _printf_core
    printf3.o(i.__0vsnprintf$3) refers to printf3.o(i._snputc) for _snputc
    printf3.o(i.__0vsprintf$3) refers to printf3.o(i._printf_core) for _printf_core
    printf3.o(i.__0vsprintf$3) refers to printf3.o(i._sputc) for _sputc
    printf3.o(i._printf_core) refers to uidiv.o(.text) for __aeabi_uidivmod
    printf4.o(i.__0fprintf$4) refers to printf4.o(i._printf_core) for _printf_core
    printf4.o(i.__0fprintf$4) refers to fputc.o(i.fputc) for fputc
    printf4.o(i.__0printf$4) refers to printf4.o(i._printf_core) for _printf_core
    printf4.o(i.__0printf$4) refers to fputc.o(i.fputc) for fputc
    printf4.o(i.__0printf$4) refers to stdout.o(.data) for __stdout
    printf4.o(i.__0snprintf$4) refers to printf4.o(i._printf_core) for _printf_core
    printf4.o(i.__0snprintf$4) refers to printf4.o(i._snputc) for _snputc
    printf4.o(i.__0sprintf$4) refers to printf4.o(i._printf_core) for _printf_core
    printf4.o(i.__0sprintf$4) refers to printf4.o(i._sputc) for _sputc
    printf4.o(i.__0vfprintf$4) refers to printf4.o(i._printf_core) for _printf_core
    printf4.o(i.__0vfprintf$4) refers to fputc.o(i.fputc) for fputc
    printf4.o(i.__0vprintf$4) refers to printf4.o(i._printf_core) for _printf_core
    printf4.o(i.__0vprintf$4) refers to fputc.o(i.fputc) for fputc
    printf4.o(i.__0vprintf$4) refers to stdout.o(.data) for __stdout
    printf4.o(i.__0vsnprintf$4) refers to printf4.o(i._printf_core) for _printf_core
    printf4.o(i.__0vsnprintf$4) refers to printf4.o(i._snputc) for _snputc
    printf4.o(i.__0vsprintf$4) refers to printf4.o(i._printf_core) for _printf_core
    printf4.o(i.__0vsprintf$4) refers to printf4.o(i._sputc) for _sputc
    printf4.o(i._printf_core) refers to uldiv.o(.text) for __aeabi_uldivmod
    printf5.o(i.__0fprintf$5) refers to printf5.o(i._printf_core) for _printf_core
    printf5.o(i.__0fprintf$5) refers to fputc.o(i.fputc) for fputc
    printf5.o(i.__0printf$5) refers to printf5.o(i._printf_core) for _printf_core
    printf5.o(i.__0printf$5) refers to fputc.o(i.fputc) for fputc
    printf5.o(i.__0printf$5) refers to stdout.o(.data) for __stdout
    printf5.o(i.__0snprintf$5) refers to printf5.o(i._printf_core) for _printf_core
    printf5.o(i.__0snprintf$5) refers to printf5.o(i._snputc) for _snputc
    printf5.o(i.__0sprintf$5) refers to printf5.o(i._printf_core) for _printf_core
    printf5.o(i.__0sprintf$5) refers to printf5.o(i._sputc) for _sputc
    printf5.o(i.__0vfprintf$5) refers to printf5.o(i._printf_core) for _printf_core
    printf5.o(i.__0vfprintf$5) refers to fputc.o(i.fputc) for fputc
    printf5.o(i.__0vprintf$5) refers to printf5.o(i._printf_core) for _printf_core
    printf5.o(i.__0vprintf$5) refers to fputc.o(i.fputc) for fputc
    printf5.o(i.__0vprintf$5) refers to stdout.o(.data) for __stdout
    printf5.o(i.__0vsnprintf$5) refers to printf5.o(i._printf_core) for _printf_core
    printf5.o(i.__0vsnprintf$5) refers to printf5.o(i._snputc) for _snputc
    printf5.o(i.__0vsprintf$5) refers to printf5.o(i._printf_core) for _printf_core
    printf5.o(i.__0vsprintf$5) refers to printf5.o(i._sputc) for _sputc
    printf5.o(i._printf_core) refers to uldiv.o(.text) for __aeabi_uldivmod
    printf6.o(i.__0fprintf$6) refers to printf6.o(i._printf_core) for _printf_core
    printf6.o(i.__0fprintf$6) refers to fputc.o(i.fputc) for fputc
    printf6.o(i.__0printf$6) refers to printf6.o(i._printf_core) for _printf_core
    printf6.o(i.__0printf$6) refers to fputc.o(i.fputc) for fputc
    printf6.o(i.__0printf$6) refers to stdout.o(.data) for __stdout
    printf6.o(i.__0snprintf$6) refers to printf6.o(i._printf_core) for _printf_core
    printf6.o(i.__0snprintf$6) refers to printf6.o(i._snputc) for _snputc
    printf6.o(i.__0sprintf$6) refers to printf6.o(i._printf_core) for _printf_core
    printf6.o(i.__0sprintf$6) refers to printf6.o(i._sputc) for _sputc
    printf6.o(i.__0vfprintf$6) refers to printf6.o(i._printf_core) for _printf_core
    printf6.o(i.__0vfprintf$6) refers to fputc.o(i.fputc) for fputc
    printf6.o(i.__0vprintf$6) refers to printf6.o(i._printf_core) for _printf_core
    printf6.o(i.__0vprintf$6) refers to fputc.o(i.fputc) for fputc
    printf6.o(i.__0vprintf$6) refers to stdout.o(.data) for __stdout
    printf6.o(i.__0vsnprintf$6) refers to printf6.o(i._printf_core) for _printf_core
    printf6.o(i.__0vsnprintf$6) refers to printf6.o(i._snputc) for _snputc
    printf6.o(i.__0vsprintf$6) refers to printf6.o(i._printf_core) for _printf_core
    printf6.o(i.__0vsprintf$6) refers to printf6.o(i._sputc) for _sputc
    printf6.o(i._printf_core) refers to printf6.o(i._printf_pre_padding) for _printf_pre_padding
    printf6.o(i._printf_core) refers to printf6.o(i._printf_post_padding) for _printf_post_padding
    printf6.o(i._printf_core) refers to uidiv.o(.text) for __aeabi_uidivmod
    printf7.o(i.__0fprintf$7) refers to printf7.o(i._printf_core) for _printf_core
    printf7.o(i.__0fprintf$7) refers to fputc.o(i.fputc) for fputc
    printf7.o(i.__0printf$7) refers to printf7.o(i._printf_core) for _printf_core
    printf7.o(i.__0printf$7) refers to fputc.o(i.fputc) for fputc
    printf7.o(i.__0printf$7) refers to stdout.o(.data) for __stdout
    printf7.o(i.__0snprintf$7) refers to printf7.o(i._printf_core) for _printf_core
    printf7.o(i.__0snprintf$7) refers to printf7.o(i._snputc) for _snputc
    printf7.o(i.__0sprintf$7) refers to printf7.o(i._printf_core) for _printf_core
    printf7.o(i.__0sprintf$7) refers to printf7.o(i._sputc) for _sputc
    printf7.o(i.__0vfprintf$7) refers to printf7.o(i._printf_core) for _printf_core
    printf7.o(i.__0vfprintf$7) refers to fputc.o(i.fputc) for fputc
    printf7.o(i.__0vprintf$7) refers to printf7.o(i._printf_core) for _printf_core
    printf7.o(i.__0vprintf$7) refers to fputc.o(i.fputc) for fputc
    printf7.o(i.__0vprintf$7) refers to stdout.o(.data) for __stdout
    printf7.o(i.__0vsnprintf$7) refers to printf7.o(i._printf_core) for _printf_core
    printf7.o(i.__0vsnprintf$7) refers to printf7.o(i._snputc) for _snputc
    printf7.o(i.__0vsprintf$7) refers to printf7.o(i._printf_core) for _printf_core
    printf7.o(i.__0vsprintf$7) refers to printf7.o(i._sputc) for _sputc
    printf7.o(i._printf_core) refers to printf7.o(i._printf_pre_padding) for _printf_pre_padding
    printf7.o(i._printf_core) refers to printf7.o(i._printf_post_padding) for _printf_post_padding
    printf7.o(i._printf_core) refers to uldiv.o(.text) for __aeabi_uldivmod
    printf8.o(i.__0fprintf$8) refers to printf8.o(i._printf_core) for _printf_core
    printf8.o(i.__0fprintf$8) refers to fputc.o(i.fputc) for fputc
    printf8.o(i.__0printf$8) refers to printf8.o(i._printf_core) for _printf_core
    printf8.o(i.__0printf$8) refers to fputc.o(i.fputc) for fputc
    printf8.o(i.__0printf$8) refers to stdout.o(.data) for __stdout
    printf8.o(i.__0snprintf$8) refers to printf8.o(i._printf_core) for _printf_core
    printf8.o(i.__0snprintf$8) refers to printf8.o(i._snputc) for _snputc
    printf8.o(i.__0sprintf$8) refers to printf8.o(i._printf_core) for _printf_core
    printf8.o(i.__0sprintf$8) refers to printf8.o(i._sputc) for _sputc
    printf8.o(i.__0vfprintf$8) refers to printf8.o(i._printf_core) for _printf_core
    printf8.o(i.__0vfprintf$8) refers to fputc.o(i.fputc) for fputc
    printf8.o(i.__0vprintf$8) refers to printf8.o(i._printf_core) for _printf_core
    printf8.o(i.__0vprintf$8) refers to fputc.o(i.fputc) for fputc
    printf8.o(i.__0vprintf$8) refers to stdout.o(.data) for __stdout
    printf8.o(i.__0vsnprintf$8) refers to printf8.o(i._printf_core) for _printf_core
    printf8.o(i.__0vsnprintf$8) refers to printf8.o(i._snputc) for _snputc
    printf8.o(i.__0vsprintf$8) refers to printf8.o(i._printf_core) for _printf_core
    printf8.o(i.__0vsprintf$8) refers to printf8.o(i._sputc) for _sputc
    printf8.o(i._printf_core) refers to printf8.o(i._printf_pre_padding) for _printf_pre_padding
    printf8.o(i._printf_core) refers to printf8.o(i._printf_post_padding) for _printf_post_padding
    printf8.o(i._printf_core) refers to uldiv.o(.text) for __aeabi_uldivmod
    printfa.o(i.__0fprintf) refers (Special) to iusefp.o(.text) for __I$use$fp
    printfa.o(i.__0fprintf) refers to printfa.o(i._printf_core) for _printf_core
    printfa.o(i.__0fprintf) refers to fputc.o(i.fputc) for fputc
    printfa.o(i.__0printf) refers (Special) to iusefp.o(.text) for __I$use$fp
    printfa.o(i.__0printf) refers to printfa.o(i._printf_core) for _printf_core
    printfa.o(i.__0printf) refers to fputc.o(i.fputc) for fputc
    printfa.o(i.__0printf) refers to stdout.o(.data) for __stdout
    printfa.o(i.__0snprintf) refers (Special) to iusefp.o(.text) for __I$use$fp
    printfa.o(i.__0snprintf) refers to printfa.o(i._printf_core) for _printf_core
    printfa.o(i.__0snprintf) refers to printfa.o(i._snputc) for _snputc
    printfa.o(i.__0sprintf) refers (Special) to iusefp.o(.text) for __I$use$fp
    printfa.o(i.__0sprintf) refers to printfa.o(i._printf_core) for _printf_core
    printfa.o(i.__0sprintf) refers to printfa.o(i._sputc) for _sputc
    printfa.o(i.__0vfprintf) refers (Special) to iusefp.o(.text) for __I$use$fp
    printfa.o(i.__0vfprintf) refers to printfa.o(i._printf_core) for _printf_core
    printfa.o(i.__0vfprintf) refers to fputc.o(i.fputc) for fputc
    printfa.o(i.__0vprintf) refers (Special) to iusefp.o(.text) for __I$use$fp
    printfa.o(i.__0vprintf) refers to printfa.o(i._printf_core) for _printf_core
    printfa.o(i.__0vprintf) refers to fputc.o(i.fputc) for fputc
    printfa.o(i.__0vprintf) refers to stdout.o(.data) for __stdout
    printfa.o(i.__0vsnprintf) refers (Special) to iusefp.o(.text) for __I$use$fp
    printfa.o(i.__0vsnprintf) refers to printfa.o(i._printf_core) for _printf_core
    printfa.o(i.__0vsnprintf) refers to printfa.o(i._snputc) for _snputc
    printfa.o(i.__0vsprintf) refers (Special) to iusefp.o(.text) for __I$use$fp
    printfa.o(i.__0vsprintf) refers to printfa.o(i._printf_core) for _printf_core
    printfa.o(i.__0vsprintf) refers to printfa.o(i._sputc) for _sputc
    printfa.o(i._fp_digits) refers (Special) to iusefp.o(.text) for __I$use$fp
    printfa.o(i._fp_digits) refers to dmul.o(.text) for __aeabi_dmul
    printfa.o(i._fp_digits) refers to ddiv.o(.text) for __aeabi_ddiv
    printfa.o(i._fp_digits) refers to cdrcmple.o(.text) for __aeabi_cdrcmple
    printfa.o(i._fp_digits) refers to dadd.o(.text) for __aeabi_dadd
    printfa.o(i._fp_digits) refers to dfixul.o(.text) for __aeabi_d2ulz
    printfa.o(i._fp_digits) refers to uldiv.o(.text) for __aeabi_uldivmod
    printfa.o(i._printf_core) refers (Special) to iusefp.o(.text) for __I$use$fp
    printfa.o(i._printf_core) refers to printfa.o(i._printf_pre_padding) for _printf_pre_padding
    printfa.o(i._printf_core) refers to uldiv.o(.text) for __aeabi_uldivmod
    printfa.o(i._printf_core) refers to printfa.o(i._printf_post_padding) for _printf_post_padding
    printfa.o(i._printf_core) refers to printfa.o(i._fp_digits) for _fp_digits
    printfa.o(i._printf_core) refers to uidiv.o(.text) for __aeabi_uidivmod
    printfa.o(i._printf_post_padding) refers (Special) to iusefp.o(.text) for __I$use$fp
    printfa.o(i._printf_pre_padding) refers (Special) to iusefp.o(.text) for __I$use$fp
    printfa.o(i._snputc) refers (Special) to iusefp.o(.text) for __I$use$fp
    printfa.o(i._sputc) refers (Special) to iusefp.o(.text) for __I$use$fp
    dadd.o(.text) refers (Special) to iusefp.o(.text) for __I$use$fp
    dadd.o(.text) refers to llshl.o(.text) for __aeabi_llsl
    dadd.o(.text) refers to llsshr.o(.text) for __aeabi_lasr
    dadd.o(.text) refers to depilogue.o(.text) for _double_epilogue
    dmul.o(.text) refers (Special) to iusefp.o(.text) for __I$use$fp
    dmul.o(.text) refers to depilogue.o(.text) for _double_epilogue
    ddiv.o(.text) refers (Special) to iusefp.o(.text) for __I$use$fp
    ddiv.o(.text) refers to depilogue.o(.text) for _double_round
    dflti.o(.text) refers (Special) to iusefp.o(.text) for __I$use$fp
    dflti.o(.text) refers to depilogue.o(.text) for _double_epilogue
    dfltui.o(.text) refers (Special) to iusefp.o(.text) for __I$use$fp
    dfltui.o(.text) refers to depilogue.o(.text) for _double_epilogue
    dfixui.o(.text) refers (Special) to iusefp.o(.text) for __I$use$fp
    dfixui.o(.text) refers to llushr.o(.text) for __aeabi_llsr
    entry2.o(.ARM.Collect$$$$00000001) refers to entry2.o(.ARM.Collect$$$$00002712) for __lit__00000000
    entry2.o(.ARM.Collect$$$$00002712) refers to startup_lpc11xx.o(STACK) for __initial_sp
    entry2.o(__vectab_stack_and_reset_area) refers to startup_lpc11xx.o(STACK) for __initial_sp
    entry2.o(__vectab_stack_and_reset_area) refers to entry.o(.ARM.Collect$$$$00000000) for __main
    entry5.o(.ARM.Collect$$$$00000004) refers to init.o(.text) for __scatterload
    entry9a.o(.ARM.Collect$$$$0000000B) refers to main.o(.text) for main
    entry9b.o(.ARM.Collect$$$$0000000C) refers to main.o(.text) for main
    fputc.o(i.fputc) refers (Special) to iusesemip.o(.text) for __I$use$semihosting$fputc
    fputc.o(i.fputc) refers (Special) to semi.o(.text) for __semihosting_library_function
    uldiv.o(.text) refers to llushr.o(.text) for __aeabi_llsr
    uldiv.o(.text) refers to llshl.o(.text) for __aeabi_llsl
    depilogue.o(.text) refers to depilogue.o(i.__ARM_clz) for __ARM_clz
    depilogue.o(.text) refers to llshl.o(.text) for __aeabi_llsl
    depilogue.o(.text) refers to llushr.o(.text) for __aeabi_llsr
    dfixul.o(.text) refers to llushr.o(.text) for __aeabi_llsr
    dfixul.o(.text) refers to llshl.o(.text) for __aeabi_llsl
    init.o(.text) refers to entry5.o(.ARM.Collect$$$$00000004) for __main_after_scatterload


==============================================================================

Removing Unused input sections from the image.

    Removing startup_lpc11xx.o(HEAP), (0 bytes).
    Removing system_lpc11xx.o(.rev16_text), (4 bytes).
    Removing system_lpc11xx.o(.revsh_text), (4 bytes).
    Removing main.o(.rev16_text), (4 bytes).
    Removing main.o(.revsh_text), (4 bytes).
    Removing uart.o(.rev16_text), (4 bytes).
    Removing uart.o(.revsh_text), (4 bytes).
    Removing radio.o(.text), (140 bytes).
    Removing radio.o(.bss), (64 bytes).
    Removing sx1276-hal.o(.rev16_text), (4 bytes).
    Removing sx1276-hal.o(.revsh_text), (4 bytes).
    Removing dfixul.o(.text), (64 bytes).
    Removing cdrcmple.o(.text), (40 bytes).

13 unused section(s) (total 340 bytes) removed from the image.

==============================================================================

Image Symbol Table

    Local Symbols

    Symbol Name                              Value     Ov Type        Size  Object(Section)

    RESET                                    0x00000000   Section      192  startup_lpc11xx.o(RESET)
    ../clib/microlib/division.c              0x00000000   Number         0  uldiv.o ABSOLUTE
    ../clib/microlib/division.c              0x00000000   Number         0  uidiv.o ABSOLUTE
    ../clib/microlib/init/entry.s            0x00000000   Number         0  entry7b.o ABSOLUTE
    ../clib/microlib/init/entry.s            0x00000000   Number         0  entry5.o ABSOLUTE
    ../clib/microlib/init/entry.s            0x00000000   Number         0  entry2.o ABSOLUTE
    ../clib/microlib/init/entry.s            0x00000000   Number         0  entry.o ABSOLUTE
    ../clib/microlib/init/entry.s            0x00000000   Number         0  entry7a.o ABSOLUTE
    ../clib/microlib/init/entry.s            0x00000000   Number         0  entry8a.o ABSOLUTE
    ../clib/microlib/init/entry.s            0x00000000   Number         0  entry8b.o ABSOLUTE
    ../clib/microlib/init/entry.s            0x00000000   Number         0  entry9a.o ABSOLUTE
    ../clib/microlib/init/entry.s            0x00000000   Number         0  entry9b.o ABSOLUTE
    ../clib/microlib/init/entry.s            0x00000000   Number         0  entry10b.o ABSOLUTE
    ../clib/microlib/init/entry.s            0x00000000   Number         0  entry11a.o ABSOLUTE
    ../clib/microlib/init/entry.s            0x00000000   Number         0  entry10a.o ABSOLUTE
    ../clib/microlib/init/entry.s            0x00000000   Number         0  entry11b.o ABSOLUTE
    ../clib/microlib/longlong.c              0x00000000   Number         0  llsshr.o ABSOLUTE
    ../clib/microlib/longlong.c              0x00000000   Number         0  llushr.o ABSOLUTE
    ../clib/microlib/longlong.c              0x00000000   Number         0  llshl.o ABSOLUTE
    ../clib/microlib/printf/printf.c         0x00000000   Number         0  printf6.o ABSOLUTE
    ../clib/microlib/printf/printf.c         0x00000000   Number         0  printfb.o ABSOLUTE
    ../clib/microlib/printf/printf.c         0x00000000   Number         0  printf0.o ABSOLUTE
    ../clib/microlib/printf/printf.c         0x00000000   Number         0  printf7.o ABSOLUTE
    ../clib/microlib/printf/printf.c         0x00000000   Number         0  printf2.o ABSOLUTE
    ../clib/microlib/printf/printf.c         0x00000000   Number         0  printf3.o ABSOLUTE
    ../clib/microlib/printf/printf.c         0x00000000   Number         0  printf5.o ABSOLUTE
    ../clib/microlib/printf/printf.c         0x00000000   Number         0  printf4.o ABSOLUTE
    ../clib/microlib/printf/printf.c         0x00000000   Number         0  printf8.o ABSOLUTE
    ../clib/microlib/printf/printf.c         0x00000000   Number         0  printf1.o ABSOLUTE
    ../clib/microlib/printf/printf.c         0x00000000   Number         0  printfa.o ABSOLUTE
    ../clib/microlib/printf/stubs.s          0x00000000   Number         0  stubs.o ABSOLUTE
    ../clib/microlib/stdio/fputc.c           0x00000000   Number         0  fputc.o ABSOLUTE
    ../clib/microlib/stdio/semi.s            0x00000000   Number         0  semi.o ABSOLUTE
    ../clib/microlib/stdio/streams.c         0x00000000   Number         0  stdout.o ABSOLUTE
    ../clib/microlib/string/memcpy.c         0x00000000   Number         0  memcpyb.o ABSOLUTE
    ../clib/microlib/string/memcpy.c         0x00000000   Number         0  memcpya.o ABSOLUTE
    ../clib/microlib/string/memset.c         0x00000000   Number         0  memseta.o ABSOLUTE
    ../clib/microlib/stubs.s                 0x00000000   Number         0  iusefp.o ABSOLUTE
    ../clib/microlib/stubs.s                 0x00000000   Number         0  iusesemip.o ABSOLUTE
    ../fplib/microlib/fpadd.c                0x00000000   Number         0  dadd.o ABSOLUTE
    ../fplib/microlib/fpdiv.c                0x00000000   Number         0  ddiv.o ABSOLUTE
    ../fplib/microlib/fpepilogue.c           0x00000000   Number         0  depilogue.o ABSOLUTE
    ../fplib/microlib/fpfix.c                0x00000000   Number         0  dfixul.o ABSOLUTE
    ../fplib/microlib/fpfix.c                0x00000000   Number         0  dfixui.o ABSOLUTE
    ../fplib/microlib/fpflt.c                0x00000000   Number         0  dfltui.o ABSOLUTE
    ../fplib/microlib/fpflt.c                0x00000000   Number         0  dflti.o ABSOLUTE
    ../fplib/microlib/fpmul.c                0x00000000   Number         0  dmul.o ABSOLUTE
    USER_CODE\\main.c                        0x00000000   Number         0  main.o ABSOLUTE
    USER_CODE\main.c                         0x00000000   Number         0  main.o ABSOLUTE
    ZM470SX\\sx1276-Hal.c                    0x00000000   Number         0  sx1276-hal.o ABSOLUTE
    ZM470SX\radio.c                          0x00000000   Number         0  radio.o ABSOLUTE
    ZM470SX\sx1276-Hal.c                     0x00000000   Number         0  sx1276-hal.o ABSOLUTE
    ZM470SX\sx1276-LoRa.c                    0x00000000   Number         0  sx1276-lora.o ABSOLUTE
    ZM470SX\sx1276-LoRaMisc.c                0x00000000   Number         0  sx1276-loramisc.o ABSOLUTE
    ZM470SX\sx1276.c                         0x00000000   Number         0  sx1276.o ABSOLUTE
    cdrcmple.s                               0x00000000   Number         0  cdrcmple.o ABSOLUTE
    core_cm0.c                               0x00000000   Number         0  core_cm0.o ABSOLUTE
    dc.s                                     0x00000000   Number         0  dc.o ABSOLUTE
    driver\Uart.c                            0x00000000   Number         0  uart.o ABSOLUTE
    driver\\Uart.c                           0x00000000   Number         0  uart.o ABSOLUTE
    handlers.s                               0x00000000   Number         0  handlers.o ABSOLUTE
    init.s                                   0x00000000   Number         0  init.o ABSOLUTE
    startup_LPC11xx.s                        0x00000000   Number         0  startup_lpc11xx.o ABSOLUTE
    system_LPC11xx.c                         0x00000000   Number         0  system_lpc11xx.o ABSOLUTE
    system_LPC11xx.c                         0x00000000   Number         0  system_lpc11xx.o ABSOLUTE
    .ARM.Collect$$$$00000000                 0x000000c0   Section        0  entry.o(.ARM.Collect$$$$00000000)
    .ARM.Collect$$$$00000001                 0x000000c0   Section        4  entry2.o(.ARM.Collect$$$$00000001)
    .ARM.Collect$$$$00000004                 0x000000c4   Section        4  entry5.o(.ARM.Collect$$$$00000004)
    .ARM.Collect$$$$00000008                 0x000000c8   Section        0  entry7b.o(.ARM.Collect$$$$00000008)
    .ARM.Collect$$$$0000000A                 0x000000c8   Section        0  entry8b.o(.ARM.Collect$$$$0000000A)
    .ARM.Collect$$$$0000000B                 0x000000c8   Section        8  entry9a.o(.ARM.Collect$$$$0000000B)
    .ARM.Collect$$$$0000000D                 0x000000d0   Section        0  entry10a.o(.ARM.Collect$$$$0000000D)
    .ARM.Collect$$$$0000000F                 0x000000d0   Section        0  entry11a.o(.ARM.Collect$$$$0000000F)
    .ARM.Collect$$$$00002712                 0x000000d0   Section        4  entry2.o(.ARM.Collect$$$$00002712)
    __lit__00000000                          0x000000d0   Data           4  entry2.o(.ARM.Collect$$$$00002712)
    .text                                    0x000000d4   Section       20  startup_lpc11xx.o(.text)
    .text                                    0x000000e8   Section        0  uart.o(.text)
    NVIC_SetPriority                         0x0000025d   Thumb Code   110  uart.o(.text)
    .text                                    0x000002f0   Section        0  iusefp.o(.text)
    i.__scatterload_null                     0x000002f0   Section        2  handlers.o(i.__scatterload_null)
    i._sputc                                 0x000002f2   Section        0  printf6.o(i._sputc)
    _sputc                                   0x000002f3   Thumb Code    10  printf6.o(i._sputc)
    .ARM.__at_0x02FC                         0x000002fc   Section        4  startup_lpc11xx.o(.ARM.__at_0x02FC)
    .text                                    0x00000300   Section        0  system_lpc11xx.o(.text)
    .text                                    0x00000590   Section        0  main.o(.text)
    NVIC_SetPriority                         0x00000591   Thumb Code   110  main.o(.text)
    NVIC_EnableIRQ                           0x0000094b   Thumb Code    14  main.o(.text)
    NVIC_DisableIRQ                          0x00000959   Thumb Code    16  main.o(.text)
    .text                                    0x000009f4   Section        0  sx1276.o(.text)
    .text                                    0x00000c80   Section        0  sx1276-hal.o(.text)
    .text                                    0x00000f44   Section        0  sx1276-lora.o(.text)
    .text                                    0x00001bcc   Section        0  sx1276-loramisc.o(.text)
    .text                                    0x000022f4   Section        0  uidiv.o(.text)
    .text                                    0x00002320   Section        0  memcpya.o(.text)
    .text                                    0x00002344   Section        0  memseta.o(.text)
    .text                                    0x00002368   Section        0  dadd.o(.text)
    .text                                    0x000024cc   Section        0  dmul.o(.text)
    .text                                    0x0000259c   Section        0  ddiv.o(.text)
    .text                                    0x0000268c   Section        0  dflti.o(.text)
    .text                                    0x000026b4   Section        0  dfltui.o(.text)
    .text                                    0x000026d0   Section        0  dfixui.o(.text)
    .text                                    0x0000270c   Section        0  llshl.o(.text)
    .text                                    0x0000272c   Section        0  llushr.o(.text)
    .text                                    0x0000274e   Section        0  llsshr.o(.text)
    .text                                    0x00002774   Section        0  depilogue.o(.text)
    .text                                    0x00002834   Section       36  init.o(.text)
    i.__0sprintf$6                           0x00002858   Section        0  printf6.o(i.__0sprintf$6)
    i.__ARM_clz                              0x00002880   Section        0  depilogue.o(i.__ARM_clz)
    i.__ARM_common_switch8                   0x000028ae   Section        0  system_lpc11xx.o(i.__ARM_common_switch8)
    i.__scatterload_copy                     0x000028ca   Section       14  handlers.o(i.__scatterload_copy)
    i.__scatterload_zeroinit                 0x000028d8   Section       14  handlers.o(i.__scatterload_zeroinit)
    i._printf_core                           0x000028e8   Section        0  printf6.o(i._printf_core)
    _printf_core                             0x000028e9   Thumb Code   768  printf6.o(i._printf_core)
    i._printf_post_padding                   0x00002bec   Section        0  printf6.o(i._printf_post_padding)
    _printf_post_padding                     0x00002bed   Thumb Code    32  printf6.o(i._printf_post_padding)
    i._printf_pre_padding                    0x00002c0c   Section        0  printf6.o(i._printf_pre_padding)
    _printf_pre_padding                      0x00002c0d   Thumb Code    44  printf6.o(i._printf_pre_padding)
    .constdata                               0x00002c38   Section     1024  sx1276.o(.constdata)
    crc32tab                                 0x00002c38   Data        1024  sx1276.o(.constdata)
    .constdata                               0x00003038   Section      444  sx1276-lora.o(.constdata)
    .data                                    0x10000000   Section        4  system_lpc11xx.o(.data)
    .data                                    0x10000004   Section        9  main.o(.data)
    ucsleep                                  0x1000000a   Data           1  main.o(.data)
    led                                      0x1000000b   Data           1  main.o(.data)
    UPwr                                     0x1000000c   Data           1  main.o(.data)
    .data                                    0x1000000e   Section        2  uart.o(.data)
    .data                                    0x10000010   Section        4  sx1276.o(.data)
    .data                                    0x10000018   Section       64  sx1276-lora.o(.data)
    RFLRState                                0x10000038   Data           1  sx1276-lora.o(.data)
    RxPacketSize                             0x1000003a   Data           2  sx1276-lora.o(.data)
    RxPacketSnrEstimate                      0x1000003c   Data           1  sx1276-lora.o(.data)
    RxPacketRssiValue                        0x10000040   Data           8  sx1276-lora.o(.data)
    RxGain                                   0x10000048   Data           1  sx1276-lora.o(.data)
    RxTimeoutTimer                           0x1000004c   Data           4  sx1276-lora.o(.data)
    PacketTimeout                            0x10000050   Data           4  sx1276-lora.o(.data)
    TxPacketSize                             0x10000054   Data           2  sx1276-lora.o(.data)
    opModePrev                               0x10000056   Data           1  sx1276-lora.o(.data)
    antennaSwitchTxOnPrev                    0x10000057   Data           1  sx1276-lora.o(.data)
    .bss                                     0x10000058   Section      610  main.o(.bss)
    .bss                                     0x100002ba   Section      112  sx1276.o(.bss)
    .bss                                     0x1000032a   Section      256  sx1276-lora.o(.bss)
    RFBuffer                                 0x1000032a   Data         256  sx1276-lora.o(.bss)
    STACK                                    0x10000430   Section      512  startup_lpc11xx.o(STACK)

    Global Symbols

    Symbol Name                              Value     Ov Type        Size  Object(Section)

    BuildAttributes$$THM_ISAv3M$S$PE$A:L22$X:L11$S22$IEEE1$IW$USESV6$~STKCKD$USESV7$~SHL$OSPACE$ROPI$EBA8$MICROLIB$REQ8$PRES8$EABIv2 0x00000000   Number         0  anon$$obj.o ABSOLUTE
    __ARM_use_no_argv                        0x00000000   Number         0  main.o ABSOLUTE
    __Vectors                                0x00000000   Data           4  startup_lpc11xx.o(RESET)
    _printf_a                                0x00000000   Number         0  stubs.o ABSOLUTE
    _printf_c                                0x00000000   Number         0  stubs.o ABSOLUTE
    _printf_charcount                        0x00000000   Number         0  stubs.o ABSOLUTE
    _printf_d                                0x00000000   Number         0  stubs.o ABSOLUTE
    _printf_e                                0x00000000   Number         0  stubs.o ABSOLUTE
    _printf_f                                0x00000000   Number         0  stubs.o ABSOLUTE
    _printf_flags                            0x00000000   Number         0  stubs.o ABSOLUTE
    _printf_fp_dec                           0x00000000   Number         0  stubs.o ABSOLUTE
    _printf_fp_hex                           0x00000000   Number         0  stubs.o ABSOLUTE
    _printf_g                                0x00000000   Number         0  stubs.o ABSOLUTE
    _printf_i                                0x00000000   Number         0  stubs.o ABSOLUTE
    _printf_int_dec                          0x00000000   Number         0  stubs.o ABSOLUTE
    _printf_l                                0x00000000   Number         0  stubs.o ABSOLUTE
    _printf_lc                               0x00000000   Number         0  stubs.o ABSOLUTE
    _printf_ll                               0x00000000   Number         0  stubs.o ABSOLUTE
    _printf_lld                              0x00000000   Number         0  stubs.o ABSOLUTE
    _printf_lli                              0x00000000   Number         0  stubs.o ABSOLUTE
    _printf_llo                              0x00000000   Number         0  stubs.o ABSOLUTE
    _printf_llu                              0x00000000   Number         0  stubs.o ABSOLUTE
    _printf_llx                              0x00000000   Number         0  stubs.o ABSOLUTE
    _printf_longlong_dec                     0x00000000   Number         0  stubs.o ABSOLUTE
    _printf_longlong_hex                     0x00000000   Number         0  stubs.o ABSOLUTE
    _printf_longlong_oct                     0x00000000   Number         0  stubs.o ABSOLUTE
    _printf_ls                               0x00000000   Number         0  stubs.o ABSOLUTE
    _printf_mbtowc                           0x00000000   Number         0  stubs.o ABSOLUTE
    _printf_n                                0x00000000   Number         0  stubs.o ABSOLUTE
    _printf_o                                0x00000000   Number         0  stubs.o ABSOLUTE
    _printf_p                                0x00000000   Number         0  stubs.o ABSOLUTE
    _printf_percent                          0x00000000   Number         0  stubs.o ABSOLUTE
    _printf_pre_padding                      0x00000000   Number         0  stubs.o ABSOLUTE
    _printf_return_value                     0x00000000   Number         0  stubs.o ABSOLUTE
    _printf_s                                0x00000000   Number         0  stubs.o ABSOLUTE
    _printf_sizespec                         0x00000000   Number         0  stubs.o ABSOLUTE
    _printf_str                              0x00000000   Number         0  stubs.o ABSOLUTE
    _printf_truncate_signed                  0x00000000   Number         0  stubs.o ABSOLUTE
    _printf_truncate_unsigned                0x00000000   Number         0  stubs.o ABSOLUTE
    _printf_u                                0x00000000   Number         0  stubs.o ABSOLUTE
    _printf_wc                               0x00000000   Number         0  stubs.o ABSOLUTE
    _printf_wctomb                           0x00000000   Number         0  stubs.o ABSOLUTE
    _printf_widthprec                        0x00000000   Number         0  stubs.o ABSOLUTE
    _printf_x                                0x00000000   Number         0  stubs.o ABSOLUTE
    __cpp_initialize__aeabi_                  - Undefined Weak Reference
    __cxa_finalize                            - Undefined Weak Reference
    __decompress                              - Undefined Weak Reference
    _clock_init                               - Undefined Weak Reference
    _microlib_exit                            - Undefined Weak Reference
    __main                                   0x000000c1   Thumb Code     0  entry.o(.ARM.Collect$$$$00000000)
    _main_stk                                0x000000c1   Thumb Code     0  entry2.o(.ARM.Collect$$$$00000001)
    _main_scatterload                        0x000000c5   Thumb Code     0  entry5.o(.ARM.Collect$$$$00000004)
    __main_after_scatterload                 0x000000c9   Thumb Code     0  entry5.o(.ARM.Collect$$$$00000004)
    _main_clock                              0x000000c9   Thumb Code     0  entry7b.o(.ARM.Collect$$$$00000008)
    _main_cpp_init                           0x000000c9   Thumb Code     0  entry8b.o(.ARM.Collect$$$$0000000A)
    _main_init                               0x000000c9   Thumb Code     0  entry9a.o(.ARM.Collect$$$$0000000B)
    __rt_final_cpp                           0x000000d1   Thumb Code     0  entry10a.o(.ARM.Collect$$$$0000000D)
    __rt_final_exit                          0x000000d1   Thumb Code     0  entry11a.o(.ARM.Collect$$$$0000000F)
    Reset_Handler                            0x000000d5   Thumb Code     4  startup_lpc11xx.o(.text)
    NMI_Handler                              0x000000d9   Thumb Code     2  startup_lpc11xx.o(.text)
    HardFault_Handler                        0x000000db   Thumb Code     2  startup_lpc11xx.o(.text)
    SVC_Handler                              0x000000dd   Thumb Code     2  startup_lpc11xx.o(.text)
    PendSV_Handler                           0x000000df   Thumb Code     2  startup_lpc11xx.o(.text)
    SysTick_Handler                          0x000000e1   Thumb Code     2  startup_lpc11xx.o(.text)
    ADC_IRQHandler                           0x000000e3   Thumb Code     0  startup_lpc11xx.o(.text)
    BOD_IRQHandler                           0x000000e3   Thumb Code     0  startup_lpc11xx.o(.text)
    I2C_IRQHandler                           0x000000e3   Thumb Code     0  startup_lpc11xx.o(.text)
    PIOINT2_IRQHandler                       0x000000e3   Thumb Code     0  startup_lpc11xx.o(.text)
    PIOINT3_IRQHandler                       0x000000e3   Thumb Code     0  startup_lpc11xx.o(.text)
    SSP0_IRQHandler                          0x000000e3   Thumb Code     0  startup_lpc11xx.o(.text)
    SSP1_IRQHandler                          0x000000e3   Thumb Code     0  startup_lpc11xx.o(.text)
    TIMER16_0_IRQHandler                     0x000000e3   Thumb Code     0  startup_lpc11xx.o(.text)
    TIMER16_1_IRQHandler                     0x000000e3   Thumb Code     0  startup_lpc11xx.o(.text)
    TIMER32_0_IRQHandler                     0x000000e3   Thumb Code     0  startup_lpc11xx.o(.text)
    TIMER32_1_IRQHandler                     0x000000e3   Thumb Code     0  startup_lpc11xx.o(.text)
    WAKEUP_IRQHandler                        0x000000e3   Thumb Code     0  startup_lpc11xx.o(.text)
    WDT_IRQHandler                           0x000000e3   Thumb Code     0  startup_lpc11xx.o(.text)
    uartInit                                 0x000000e9   Thumb Code   154  uart.o(.text)
    Uart_En_Rx_IRQ                           0x00000183   Thumb Code     8  uart.o(.text)
    Uart_Clear_Rx_IRQ                        0x0000018b   Thumb Code     8  uart.o(.text)
    uartSendByte                             0x00000193   Thumb Code    20  uart.o(.text)
    uartSendStr                              0x000001a7   Thumb Code    28  uart.o(.text)
    UART_IRQHandler                          0x000001c3   Thumb Code   154  uart.o(.text)
    __I$use$fp                               0x000002f1   Thumb Code     0  iusefp.o(.text)
    __scatterload_null                       0x000002f1   Thumb Code     2  handlers.o(i.__scatterload_null)
    SystemFrequencyUpdate                    0x00000301   Thumb Code   408  system_lpc11xx.o(.text)
    SystemInit                               0x00000499   Thumb Code   164  system_lpc11xx.o(.text)
    LED_Show                                 0x000005ff   Thumb Code    94  main.o(.text)
    delayms                                  0x0000065d   Thumb Code    26  main.o(.text)
    KEY2_INT                                 0x00000677   Thumb Code    58  main.o(.text)
    PIOINT1_IRQHandler                       0x000006b1   Thumb Code    66  main.o(.text)
    KEY3_INT                                 0x000006f3   Thumb Code    70  main.o(.text)
    PIOINT0_IRQHandler                       0x00000739   Thumb Code    84  main.o(.text)
    DisableIRQ                               0x0000078d   Thumb Code    16  main.o(.text)
    EnableIRQ                                0x0000079d   Thumb Code    16  main.o(.text)
    main                                     0x000007ad   Thumb Code   414  main.o(.text)
    SX1276SetLoRaOn                          0x000009f5   Thumb Code    88  sx1276.o(.text)
    SX1276Reset                              0x00000a4d   Thumb Code    28  sx1276.o(.text)
    SX1276Init                               0x00000a69   Thumb Code    28  sx1276.o(.text)
    SX1276CheckSPI                           0x00000a85   Thumb Code    68  sx1276.o(.text)
    SX1276SetOpMode                          0x00000ac9   Thumb Code    12  sx1276.o(.text)
    SX1276GetOpMode                          0x00000ad5   Thumb Code     8  sx1276.o(.text)
    SX1276ReadRxGain                         0x00000add   Thumb Code     8  sx1276.o(.text)
    SX1276GetPacketRxGain                    0x00000ae5   Thumb Code     8  sx1276.o(.text)
    SX1276GetPacketAfc                       0x00000aed   Thumb Code     4  sx1276.o(.text)
    SX1276StartRx                            0x00000af1   Thumb Code    10  sx1276.o(.text)
    SX1276GetRxPacket                        0x00000afb   Thumb Code    16  sx1276.o(.text)
    SX1276SetTxPacket                        0x00000b0b   Thumb Code    16  sx1276.o(.text)
    SX1276GetRFState                         0x00000b1b   Thumb Code     8  sx1276.o(.text)
    SX1276SetRFState                         0x00000b23   Thumb Code    12  sx1276.o(.text)
    SX1276Process                            0x00000b2f   Thumb Code     8  sx1276.o(.text)
    SX1276Dio0State                          0x00000b37   Thumb Code     8  sx1276.o(.text)
    SX1276GetPacketSnr                       0x00000b3f   Thumb Code     8  sx1276.o(.text)
    SX1276GetPacketRssi                      0x00000b47   Thumb Code     8  sx1276.o(.text)
    SX1276ReadRssi                           0x00000b4f   Thumb Code     8  sx1276.o(.text)
    SX1276RxStateEnter                       0x00000b57   Thumb Code     8  sx1276.o(.text)
    SX1276RxDataRead                         0x00000b5f   Thumb Code    16  sx1276.o(.text)
    SX1276TxData                             0x00000b6f   Thumb Code    20  sx1276.o(.text)
    SX1276TxPower                            0x00000b83   Thumb Code    12  sx1276.o(.text)
    SX1276FreqSet                            0x00000b8f   Thumb Code    12  sx1276.o(.text)
    crc32                                    0x00000b9b   Thumb Code    62  sx1276.o(.text)
    SX1276TxDataCRC32                        0x00000bd9   Thumb Code    28  sx1276.o(.text)
    SX1276RxDataReadCRC32                    0x00000bf5   Thumb Code   114  sx1276.o(.text)
    dellayus                                 0x00000c81   Thumb Code    22  sx1276-hal.o(.text)
    dellayxm                                 0x00000c97   Thumb Code    26  sx1276-hal.o(.text)
    SX1276InitIo                             0x00000cb1   Thumb Code   122  sx1276-hal.o(.text)
    SX1276SetReset                           0x00000d2b   Thumb Code    32  sx1276-hal.o(.text)
    SpiInOut                                 0x00000d4b   Thumb Code   140  sx1276-hal.o(.text)
    SpiRCVaByte                              0x00000dd7   Thumb Code   106  sx1276-hal.o(.text)
    SX1276WriteBuffer                        0x00000e41   Thumb Code    62  sx1276-hal.o(.text)
    SX1276ReadBuffer                         0x00000e7f   Thumb Code    60  sx1276-hal.o(.text)
    SX1276Write                              0x00000ebb   Thumb Code    16  sx1276-hal.o(.text)
    SX1276Read                               0x00000ecb   Thumb Code    18  sx1276-hal.o(.text)
    SX1276WriteFifo                          0x00000edd   Thumb Code    18  sx1276-hal.o(.text)
    SX1276ReadFifo                           0x00000eef   Thumb Code    18  sx1276-hal.o(.text)
    SX1276ReadDio0                           0x00000f01   Thumb Code    14  sx1276-hal.o(.text)
    SX1276ReadDio1                           0x00000f0f   Thumb Code     4  sx1276-hal.o(.text)
    SX1276ReadDio2                           0x00000f13   Thumb Code     4  sx1276-hal.o(.text)
    SX1276ReadDio3                           0x00000f17   Thumb Code     4  sx1276-hal.o(.text)
    SX1276ReadDio4                           0x00000f1b   Thumb Code     4  sx1276-hal.o(.text)
    SX1276ReadDio5                           0x00000f1f   Thumb Code     4  sx1276-hal.o(.text)
    SX1276LoRaSetOpMode                      0x00000f45   Thumb Code    82  sx1276-lora.o(.text)
    SX1276LoRaSetDefaults                    0x00000f97   Thumb Code    16  sx1276-lora.o(.text)
    SX1276LoRaInit                           0x00000fa7   Thumb Code   184  sx1276-lora.o(.text)
    SX1276LoRaReset                          0x0000105f   Thumb Code    28  sx1276-lora.o(.text)
    SX1276LoRaGetOpMode                      0x0000107b   Thumb Code    26  sx1276-lora.o(.text)
    SX1276LoRaReadRxGain                     0x00001095   Thumb Code    24  sx1276-lora.o(.text)
    SX1276LoRaGetPacketRxGain                0x000010ad   Thumb Code     6  sx1276-lora.o(.text)
    SX1276LoRaGetPacketSnr                   0x000010b3   Thumb Code     8  sx1276-lora.o(.text)
    SX1276LoRaGetPacketRssi                  0x000010bb   Thumb Code     6  sx1276-lora.o(.text)
    SX1276LoRaSetRFState                     0x000010c1   Thumb Code     6  sx1276-lora.o(.text)
    SX1276LoRaStartRx                        0x000010c7   Thumb Code    10  sx1276-lora.o(.text)
    SX1276LoRaGetRxPacket                    0x000010d1   Thumb Code    30  sx1276-lora.o(.text)
    SX1276LoRaSetTxPacket                    0x000010ef   Thumb Code    46  sx1276-lora.o(.text)
    SX1276LoRaGetRFState                     0x0000111d   Thumb Code     6  sx1276-lora.o(.text)
    SX1276LoRaProcess                        0x00001123   Thumb Code  1726  sx1276-lora.o(.text)
    GetLoRaSNR                               0x000017e1   Thumb Code    68  sx1276-lora.o(.text)
    GetPackLoRaRSSI                          0x00001825   Thumb Code   152  sx1276-lora.o(.text)
    SX1276LoRaReadRssi                       0x000018bd   Thumb Code    54  sx1276-lora.o(.text)
    LoRaRxStateEnter                         0x000018f3   Thumb Code   158  sx1276-lora.o(.text)
    LoRaRxDataRead                           0x00001991   Thumb Code   184  sx1276-lora.o(.text)
    LoRaTxData                               0x00001a49   Thumb Code   278  sx1276-lora.o(.text)
    LoRaTxPower                              0x00001b5f   Thumb Code    32  sx1276-lora.o(.text)
    LoRaFreqSet                              0x00001b7f   Thumb Code    12  sx1276-lora.o(.text)
    SX1276LoRaSetRFFrequency                 0x00001bcd   Thumb Code    76  sx1276-loramisc.o(.text)
    SX1276LoRaGetRFFrequency                 0x00001c19   Thumb Code    78  sx1276-loramisc.o(.text)
    SX1276LoRaSetRFPower                     0x00001c67   Thumb Code   246  sx1276-loramisc.o(.text)
    SX1276LoRaGetRFPower                     0x00001d5d   Thumb Code   116  sx1276-loramisc.o(.text)
    SX1276LoRaSetSignalBandwidth             0x00001dd1   Thumb Code    54  sx1276-loramisc.o(.text)
    SX1276LoRaGetSignalBandwidth             0x00001e07   Thumb Code    32  sx1276-loramisc.o(.text)
    SX1276LoRaSetNbTrigPeaks                 0x00001e27   Thumb Code    54  sx1276-loramisc.o(.text)
    SX1276LoRaSetSpreadingFactor             0x00001e5d   Thumb Code    86  sx1276-loramisc.o(.text)
    SX1276LoRaGetSpreadingFactor             0x00001eb3   Thumb Code    32  sx1276-loramisc.o(.text)
    SX1276LoRaSetErrorCoding                 0x00001ed3   Thumb Code    54  sx1276-loramisc.o(.text)
    SX1276LoRaGetErrorCoding                 0x00001f09   Thumb Code    36  sx1276-loramisc.o(.text)
    SX1276LoRaSetPacketCrcOn                 0x00001f2d   Thumb Code    54  sx1276-loramisc.o(.text)
    SX1276LoRaSetPreambleLength              0x00001f63   Thumb Code    54  sx1276-loramisc.o(.text)
    SX1276LoRaGetPreambleLength              0x00001f99   Thumb Code    52  sx1276-loramisc.o(.text)
    SX1276LoRaGetPacketCrcOn                 0x00001fcd   Thumb Code    46  sx1276-loramisc.o(.text)
    SX1276LoRaSetImplicitHeaderOn            0x00001ffb   Thumb Code    52  sx1276-loramisc.o(.text)
    SX1276LoRaGetImplicitHeaderOn            0x0000202f   Thumb Code    34  sx1276-loramisc.o(.text)
    SX1276LoRaSetRxSingleOn                  0x00002051   Thumb Code     6  sx1276-loramisc.o(.text)
    SX1276LoRaGetRxSingleOn                  0x00002057   Thumb Code     6  sx1276-loramisc.o(.text)
    SX1276LoRaSetFreqHopOn                   0x0000205d   Thumb Code     6  sx1276-loramisc.o(.text)
    SX1276LoRaGetFreqHopOn                   0x00002063   Thumb Code     6  sx1276-loramisc.o(.text)
    SX1276LoRaSetHopPeriod                   0x00002069   Thumb Code    32  sx1276-loramisc.o(.text)
    SX1276LoRaGetHopPeriod                   0x00002089   Thumb Code    32  sx1276-loramisc.o(.text)
    SX1276LoRaSetTxPacketTimeout             0x000020a9   Thumb Code     6  sx1276-loramisc.o(.text)
    SX1276LoRaGetTxPacketTimeout             0x000020af   Thumb Code     6  sx1276-loramisc.o(.text)
    SX1276LoRaSetRxPacketTimeout             0x000020b5   Thumb Code     6  sx1276-loramisc.o(.text)
    SX1276LoRaGetRxPacketTimeout             0x000020bb   Thumb Code     6  sx1276-loramisc.o(.text)
    SX1276LoRaSetPayloadLength               0x000020c1   Thumb Code    32  sx1276-loramisc.o(.text)
    SX1276LoRaGetPayloadLength               0x000020e1   Thumb Code    32  sx1276-loramisc.o(.text)
    SX1276LoRaSetPa20dBm                     0x00002101   Thumb Code    84  sx1276-loramisc.o(.text)
    SX1276LoRaGetPa20dBm                     0x00002155   Thumb Code    38  sx1276-loramisc.o(.text)
    SX1276LoRaSetPAOutput                    0x0000217b   Thumb Code    48  sx1276-loramisc.o(.text)
    SX1276LoRaGetPAOutput                    0x000021ab   Thumb Code    26  sx1276-loramisc.o(.text)
    SX1276LoRaSetPaRamp                      0x000021c5   Thumb Code    54  sx1276-loramisc.o(.text)
    SX1276LoRaGetPaRamp                      0x000021fb   Thumb Code    26  sx1276-loramisc.o(.text)
    SX1276LoRaSetSymbTimeout                 0x00002215   Thumb Code    64  sx1276-loramisc.o(.text)
    SX1276LoRaGetSymbTimeout                 0x00002255   Thumb Code    38  sx1276-loramisc.o(.text)
    SX1276LoRaSetLowDatarateOptimize         0x0000227b   Thumb Code    56  sx1276-loramisc.o(.text)
    SX1276LoRaGetLowDatarateOptimize         0x000022b3   Thumb Code    30  sx1276-loramisc.o(.text)
    SX1276LoRaGetNbTrigPeaks                 0x000022d1   Thumb Code    28  sx1276-loramisc.o(.text)
    __aeabi_uidiv                            0x000022f5   Thumb Code     0  uidiv.o(.text)
    __aeabi_uidivmod                         0x000022f5   Thumb Code    44  uidiv.o(.text)
    __aeabi_memcpy                           0x00002321   Thumb Code    36  memcpya.o(.text)
    __aeabi_memcpy4                          0x00002321   Thumb Code     0  memcpya.o(.text)
    __aeabi_memcpy8                          0x00002321   Thumb Code     0  memcpya.o(.text)
    __aeabi_memset                           0x00002345   Thumb Code    14  memseta.o(.text)
    __aeabi_memset4                          0x00002345   Thumb Code     0  memseta.o(.text)
    __aeabi_memset8                          0x00002345   Thumb Code     0  memseta.o(.text)
    __aeabi_memclr                           0x00002353   Thumb Code     4  memseta.o(.text)
    __aeabi_memclr4                          0x00002353   Thumb Code     0  memseta.o(.text)
    __aeabi_memclr8                          0x00002353   Thumb Code     0  memseta.o(.text)
    _memset$wrapper                          0x00002357   Thumb Code    18  memseta.o(.text)
    __aeabi_dadd                             0x00002369   Thumb Code   328  dadd.o(.text)
    __aeabi_dsub                             0x000024b1   Thumb Code    12  dadd.o(.text)
    __aeabi_drsub                            0x000024bd   Thumb Code    12  dadd.o(.text)
    __aeabi_dmul                             0x000024cd   Thumb Code   202  dmul.o(.text)
    __aeabi_ddiv                             0x0000259d   Thumb Code   234  ddiv.o(.text)
    __aeabi_i2d                              0x0000268d   Thumb Code    34  dflti.o(.text)
    __aeabi_ui2d                             0x000026b5   Thumb Code    24  dfltui.o(.text)
    __aeabi_d2uiz                            0x000026d1   Thumb Code    50  dfixui.o(.text)
    __aeabi_llsl                             0x0000270d   Thumb Code    32  llshl.o(.text)
    _ll_shift_l                              0x0000270d   Thumb Code     0  llshl.o(.text)
    __aeabi_llsr                             0x0000272d   Thumb Code    34  llushr.o(.text)
    _ll_ushift_r                             0x0000272d   Thumb Code     0  llushr.o(.text)
    __aeabi_lasr                             0x0000274f   Thumb Code    38  llsshr.o(.text)
    _ll_sshift_r                             0x0000274f   Thumb Code     0  llsshr.o(.text)
    _double_round                            0x00002775   Thumb Code    26  depilogue.o(.text)
    _double_epilogue                         0x0000278f   Thumb Code   164  depilogue.o(.text)
    __scatterload                            0x00002835   Thumb Code    28  init.o(.text)
    __scatterload_rt2                        0x00002835   Thumb Code     0  init.o(.text)
    __0sprintf$6                             0x00002859   Thumb Code    36  printf6.o(i.__0sprintf$6)
    __1sprintf$6                             0x00002859   Thumb Code     0  printf6.o(i.__0sprintf$6)
    __2sprintf                               0x00002859   Thumb Code     0  printf6.o(i.__0sprintf$6)
    __ARM_clz                                0x00002881   Thumb Code    46  depilogue.o(i.__ARM_clz)
    __ARM_common_switch8                     0x000028af   Thumb Code    28  system_lpc11xx.o(i.__ARM_common_switch8)
    __scatterload_copy                       0x000028cb   Thumb Code    14  handlers.o(i.__scatterload_copy)
    __scatterload_zeroinit                   0x000028d9   Thumb Code    14  handlers.o(i.__scatterload_zeroinit)
    SignalBwLog                              0x00003038   Data          80  sx1276-lora.o(.constdata)
    RssiOffsetLF                             0x00003088   Data          80  sx1276-lora.o(.constdata)
    RssiOffsetHF                             0x000030d8   Data          80  sx1276-lora.o(.constdata)
    HoppingFrequencies                       0x00003128   Data         204  sx1276-lora.o(.constdata)
    Region$$Table$$Base                      0x000031f4   Number         0  anon$$obj.o(Region$$Table)
    Region$$Table$$Limit                     0x00003214   Number         0  anon$$obj.o(Region$$Table)
    SystemFrequency                          0x10000000   Data           4  system_lpc11xx.o(.data)
    Radio                                    0x10000004   Data           4  main.o(.data)
    uiMs                                     0x10000008   Data           2  main.o(.data)
    uiByteNum                                0x1000000e   Data           2  uart.o(.data)
    crc32V                                   0x10000010   Data           4  sx1276.o(.data)
    LoRaSettings                             0x10000018   Data          28  sx1276-lora.o(.data)
    SX1276LR                                 0x10000034   Data           4  sx1276-lora.o(.data)
    ucRxbuf                                  0x10000058   Data         255  main.o(.bss)
    ucTxbuf                                  0x10000157   Data         255  main.o(.bss)
    GcRcvBuf                                 0x10000256   Data         100  main.o(.bss)
    SX1276Regs                               0x100002ba   Data         112  sx1276.o(.bss)
    __initial_sp                             0x10000630   Data           0  startup_lpc11xx.o(STACK)



==============================================================================

Memory Map of the image

  Image Entry point : 0x000000c1

  Load Region LR_IROM1 (Base: 0x00000000, Size: 0x0000326c, Max: 0x00008000, ABSOLUTE)

    Execution Region ER_IROM1 (Base: 0x00000000, Size: 0x00003214, Max: 0x00008000, ABSOLUTE)

    Base Addr    Size         Type   Attr      Idx    E Section Name        Object

    0x00000000   0x000000c0   Data   RO            3    RESET               startup_lpc11xx.o
    0x000000c0   0x00000000   Code   RO          267  * .ARM.Collect$$$$00000000  mc_p.l(entry.o)
    0x000000c0   0x00000004   Code   RO          551    .ARM.Collect$$$$00000001  mc_p.l(entry2.o)
    0x000000c4   0x00000004   Code   RO          554    .ARM.Collect$$$$00000004  mc_p.l(entry5.o)
    0x000000c8   0x00000000   Code   RO          556    .ARM.Collect$$$$00000008  mc_p.l(entry7b.o)
    0x000000c8   0x00000000   Code   RO          558    .ARM.Collect$$$$0000000A  mc_p.l(entry8b.o)
    0x000000c8   0x00000008   Code   RO          559    .ARM.Collect$$$$0000000B  mc_p.l(entry9a.o)
    0x000000d0   0x00000000   Code   RO          561    .ARM.Collect$$$$0000000D  mc_p.l(entry10a.o)
    0x000000d0   0x00000000   Code   RO          563    .ARM.Collect$$$$0000000F  mc_p.l(entry11a.o)
    0x000000d0   0x00000004   Code   RO          552    .ARM.Collect$$$$00002712  mc_p.l(entry2.o)
    0x000000d4   0x00000014   Code   RO            5    .text               startup_lpc11xx.o
    0x000000e8   0x00000208   Code   RO          125    .text               uart.o
    0x000002f0   0x00000000   Code   RO          576    .text               mc_p.l(iusefp.o)
    0x000002f0   0x00000002   Code   RO          592    i.__scatterload_null  mc_p.l(handlers.o)
    0x000002f2   0x0000000a   Code   RO          444    i._sputc            mc_p.l(printf6.o)
    0x000002fc   0x00000004   Code   RO            4    .ARM.__at_0x02FC    startup_lpc11xx.o
    0x00000300   0x00000290   Code   RO           15    .text               system_lpc11xx.o
    0x00000590   0x00000464   Code   RO           69    .text               main.o
    0x000009f4   0x0000028c   Code   RO          178    .text               sx1276.o
    0x00000c80   0x000002c4   Code   RO          207    .text               sx1276-hal.o
    0x00000f44   0x00000c88   Code   RO          228    .text               sx1276-lora.o
    0x00001bcc   0x00000728   Code   RO          254    .text               sx1276-loramisc.o
    0x000022f4   0x0000002c   Code   RO          270    .text               mc_p.l(uidiv.o)
    0x00002320   0x00000024   Code   RO          272    .text               mc_p.l(memcpya.o)
    0x00002344   0x00000024   Code   RO          274    .text               mc_p.l(memseta.o)
    0x00002368   0x00000164   Code   RO          539    .text               mf_p.l(dadd.o)
    0x000024cc   0x000000d0   Code   RO          541    .text               mf_p.l(dmul.o)
    0x0000259c   0x000000f0   Code   RO          543    .text               mf_p.l(ddiv.o)
    0x0000268c   0x00000028   Code   RO          545    .text               mf_p.l(dflti.o)
    0x000026b4   0x0000001c   Code   RO          547    .text               mf_p.l(dfltui.o)
    0x000026d0   0x0000003c   Code   RO          549    .text               mf_p.l(dfixui.o)
    0x0000270c   0x00000020   Code   RO          570    .text               mc_p.l(llshl.o)
    0x0000272c   0x00000022   Code   RO          572    .text               mc_p.l(llushr.o)
    0x0000274e   0x00000026   Code   RO          574    .text               mc_p.l(llsshr.o)
    0x00002774   0x000000be   Code   RO          577    .text               mf_p.l(depilogue.o)
    0x00002832   0x00000002   PAD
    0x00002834   0x00000024   Code   RO          585    .text               mc_p.l(init.o)
    0x00002858   0x00000028   Code   RO          435    i.__0sprintf$6      mc_p.l(printf6.o)
    0x00002880   0x0000002e   Code   RO          579    i.__ARM_clz         mf_p.l(depilogue.o)
    0x000028ae   0x0000001c   Code   RO           33    i.__ARM_common_switch8  system_lpc11xx.o
    0x000028ca   0x0000000e   Code   RO          591    i.__scatterload_copy  mc_p.l(handlers.o)
    0x000028d8   0x0000000e   Code   RO          593    i.__scatterload_zeroinit  mc_p.l(handlers.o)
    0x000028e6   0x00000002   PAD
    0x000028e8   0x00000304   Code   RO          440    i._printf_core      mc_p.l(printf6.o)
    0x00002bec   0x00000020   Code   RO          441    i._printf_post_padding  mc_p.l(printf6.o)
    0x00002c0c   0x0000002c   Code   RO          442    i._printf_pre_padding  mc_p.l(printf6.o)
    0x00002c38   0x00000400   Data   RO          180    .constdata          sx1276.o
    0x00003038   0x000001bc   Data   RO          230    .constdata          sx1276-lora.o
    0x000031f4   0x00000020   Data   RO          589    Region$$Table       anon$$obj.o


    Execution Region RW_IRAM1 (Base: 0x10000000, Size: 0x00000630, Max: 0x00002000, ABSOLUTE)

    Base Addr    Size         Type   Attr      Idx    E Section Name        Object

    0x10000000   0x00000004   Data   RW           16    .data               system_lpc11xx.o
    0x10000004   0x00000009   Data   RW           71    .data               main.o
    0x1000000d   0x00000001   PAD
    0x1000000e   0x00000002   Data   RW          126    .data               uart.o
    0x10000010   0x00000004   Data   RW          181    .data               sx1276.o
    0x10000014   0x00000004   PAD
    0x10000018   0x00000040   Data   RW          231    .data               sx1276-lora.o
    0x10000058   0x00000262   Zero   RW           70    .bss                main.o
    0x100002ba   0x00000070   Zero   RW          179    .bss                sx1276.o
    0x1000032a   0x00000100   Zero   RW          229    .bss                sx1276-lora.o
    0x1000042a   0x00000006   PAD
    0x10000430   0x00000200   Zero   RW            1    STACK               startup_lpc11xx.o


==============================================================================

Image component sizes


      Code (inc. data)   RO Data    RW Data    ZI Data      Debug   Object Name

      1124        140          0          9        610      11183   main.o
        24          8        192          0        512        848   startup_lpc11xx.o
       708         34          0          0          0       4772   sx1276-hal.o
      3208        218        444         64        256      21705   sx1276-lora.o
      1832         22          0          0          0       7868   sx1276-loramisc.o
       652         26       1024          4        112       5989   sx1276.o
       684        102          0          4          0      13013   system_lpc11xx.o
       520         38          0          2          0       8289   uart.o

    ----------------------------------------------------------------------
      8752        588       1692         88       1496      73667   Object Totals
         0          0         32          0          0          0   (incl. Generated)
         0          0          0          5          6          0   (incl. Padding)

    ----------------------------------------------------------------------

      Code (inc. data)   RO Data    RW Data    ZI Data      Debug   Library Member Name

         0          0          0          0          0          0   entry.o
         0          0          0          0          0          0   entry10a.o
         0          0          0          0          0          0   entry11a.o
         8          4          0          0          0          0   entry2.o
         4          0          0          0          0          0   entry5.o
         0          0          0          0          0          0   entry7b.o
         0          0          0          0          0          0   entry8b.o
         8          4          0          0          0          0   entry9a.o
        30          0          0          0          0          0   handlers.o
        36          8          0          0          0         68   init.o
         0          0          0          0          0          0   iusefp.o
        32          0          0          0          0         68   llshl.o
        38          0          0          0          0         68   llsshr.o
        34          0          0          0          0         68   llushr.o
        36          0          0          0          0         60   memcpya.o
        36          0          0          0          0        100   memseta.o
       898          8          0          0          0        384   printf6.o
        44          0          0          0          0         72   uidiv.o
       356          4          0          0          0        140   dadd.o
       240          6          0          0          0         84   ddiv.o
       236          0          0          0          0        216   depilogue.o
        60         10          0          0          0         68   dfixui.o
        40          6          0          0          0         68   dflti.o
        28          4          0          0          0         68   dfltui.o
       208          6          0          0          0         88   dmul.o

    ----------------------------------------------------------------------
      2376         60          0          0          0       1620   Library Totals
         4          0          0          0          0          0   (incl. Padding)

    ----------------------------------------------------------------------

      Code (inc. data)   RO Data    RW Data    ZI Data      Debug   Library Name

      1204         24          0          0          0        888   mc_p.l
      1168         36          0          0          0        732   mf_p.l

    ----------------------------------------------------------------------
      2376         60          0          0          0       1620   Library Totals

    ----------------------------------------------------------------------

==============================================================================


      Code (inc. data)   RO Data    RW Data    ZI Data      Debug   

     11128        648       1692         88       1496      74031   Grand Totals
     11128        648       1692         88       1496      74031   ELF Image Totals
     11128        648       1692         88          0          0   ROM Totals

==============================================================================

    Total RO  Size (Code + RO Data)                12820 (  12.52kB)
    Total RW  Size (RW Data + ZI Data)              1584 (   1.55kB)
    Total ROM Size (Code + RO Data + RW Data)      12908 (  12.61kB)

==============================================================================

